Copyright 1986-2022 Xilinx, Inc. All Rights Reserved. Copyright 2022-2025 Advanced Micro Devices, Inc. All Rights Reserved.
---------------------------------------------------------------------------------------------------------------------------------------------
| Tool Version : Vivado v.2025.2 (lin64) Build 6299465 Fri Nov 14 12:34:56 MST 2025
| Date         : Wed Mar  4 05:41:40 2026
| Host         : thanh-G7-MD running 64-bit Ubuntu 22.04.5 LTS
| Command      : report_control_sets -verbose -file top_freq_test_control_sets_placed.rpt
| Design       : top_freq_test
| Device       : xc7a100t
---------------------------------------------------------------------------------------------------------------------------------------------

Control Set Information

Table of Contents
-----------------
1. Summary
2. Histogram
3. Flip-Flop Distribution
4. Detailed Control Set Information

1. Summary
----------

+----------------------------------------------------------+-------+
|                          Status                          | Count |
+----------------------------------------------------------+-------+
| Total control sets                                       |    41 |
|    Minimum number of control sets                        |    41 |
|    Addition due to synthesis replication                 |     0 |
|    Addition due to physical synthesis replication        |     0 |
| Unused register locations in slices containing registers |   153 |
+----------------------------------------------------------+-------+
* Control sets can be merged at opt_design using control_set_merge or merge_equivalent_drivers
** Run report_qor_suggestions for automated merging and remapping suggestions


2. Histogram
------------

+--------------------+-------+
|       Fanout       | Count |
+--------------------+-------+
| Total control sets |    41 |
| >= 0 to < 4        |     0 |
| >= 4 to < 6        |     1 |
| >= 6 to < 8        |     1 |
| >= 8 to < 10       |     1 |
| >= 10 to < 12      |     0 |
| >= 12 to < 14      |    17 |
| >= 14 to < 16      |     0 |
| >= 16              |    21 |
+--------------------+-------+
* Control sets can be remapped at either synth_design or opt_design


3. Flip-Flop Distribution
-------------------------

+--------------+-----------------------+------------------------+-----------------+--------------+
| Clock Enable | Synchronous Set/Reset | Asynchronous Set/Reset | Total Registers | Total Slices |
+--------------+-----------------------+------------------------+-----------------+--------------+
| No           | No                    | No                     |               0 |            0 |
| No           | No                    | Yes                    |             133 |           48 |
| No           | Yes                   | No                     |               0 |            0 |
| Yes          | No                    | No                     |            1838 |         1043 |
| Yes          | No                    | Yes                    |             316 |           49 |
| Yes          | Yes                   | No                     |             304 |          120 |
+--------------+-----------------------+------------------------+-----------------+--------------+


4. Detailed Control Set Information
-----------------------------------

+------------------------------+-----------------------------------------------------+-----------------------------------------------------+------------------+----------------+--------------+
|         Clock Signal         |                    Enable Signal                    |                   Set/Reset Signal                  | Slice Load Count | Bel Load Count | Bels / Slice |
+------------------------------+-----------------------------------------------------+-----------------------------------------------------+------------------+----------------+--------------+
|  clk_wiz_0_ins/inst/clk_out1 | freq_test_part_empty_ins2/dut/st[5][63]_i_1_n_0     | freq_test_part_empty_ins2/blk[0][63]_i_2_n_0        |                2 |              5 |         2.50 |
|  clk_wiz_0_ins/inst/clk_out1 | freq_test_part_empty_ins2/wr_data_rd_cnt[5]_i_1_n_0 | freq_test_part_empty_ins2/blk[0][63]_i_2_n_0        |                2 |              6 |         3.00 |
|  clk_wiz_0_ins/inst/clk_out1 | freq_test_part_empty_ins2/tb_wr_data[0]             | freq_test_part_empty_ins2/blk[0][63]_i_2_n_0        |                2 |              8 |         4.00 |
|  clk_wiz_0_ins/inst/clk_out1 | freq_test_part_empty_ins2/tb_addr[6]_i_1_n_0        |                                                     |               11 |             13 |         1.18 |
|  clk_wiz_0_ins/inst/clk_out1 | freq_test_part_empty_ins2/eval_data[9][30]_i_1_n_0  |                                                     |                6 |             13 |         2.17 |
|  clk_wiz_0_ins/inst/clk_out1 | freq_test_part_empty_ins2/eval_data[8][30]_i_1_n_0  |                                                     |                4 |             13 |         3.25 |
|  clk_wiz_0_ins/inst/clk_out1 | freq_test_part_empty_ins2/eval_data[7][30]_i_1_n_0  |                                                     |                7 |             13 |         1.86 |
|  clk_wiz_0_ins/inst/clk_out1 | freq_test_part_empty_ins2/eval_data[6][30]_i_1_n_0  |                                                     |                4 |             13 |         3.25 |
|  clk_wiz_0_ins/inst/clk_out1 | freq_test_part_empty_ins2/eval_data[5][30]_i_1_n_0  |                                                     |                5 |             13 |         2.60 |
|  clk_wiz_0_ins/inst/clk_out1 | freq_test_part_empty_ins2/eval_data[4][30]_i_1_n_0  |                                                     |                3 |             13 |         4.33 |
|  clk_wiz_0_ins/inst/clk_out1 | freq_test_part_empty_ins2/eval_data[3][30]_i_1_n_0  |                                                     |                5 |             13 |         2.60 |
|  clk_wiz_0_ins/inst/clk_out1 | freq_test_part_empty_ins2/eval_data[2][30]_i_1_n_0  |                                                     |                6 |             13 |         2.17 |
|  clk_wiz_0_ins/inst/clk_out1 | freq_test_part_empty_ins2/eval_data[1][30]_i_1_n_0  |                                                     |                5 |             13 |         2.60 |
|  clk_wiz_0_ins/inst/clk_out1 | freq_test_part_empty_ins2/eval_data[15][30]_i_1_n_0 |                                                     |                4 |             13 |         3.25 |
|  clk_wiz_0_ins/inst/clk_out1 | freq_test_part_empty_ins2/eval_data[14][30]_i_1_n_0 |                                                     |                4 |             13 |         3.25 |
|  clk_wiz_0_ins/inst/clk_out1 | freq_test_part_empty_ins2/eval_data[13][30]_i_1_n_0 |                                                     |                3 |             13 |         4.33 |
|  clk_wiz_0_ins/inst/clk_out1 | freq_test_part_empty_ins2/eval_data[12][30]_i_1_n_0 |                                                     |                3 |             13 |         4.33 |
|  clk_wiz_0_ins/inst/clk_out1 | freq_test_part_empty_ins2/eval_data[11][30]_i_1_n_0 |                                                     |                5 |             13 |         2.60 |
|  clk_wiz_0_ins/inst/clk_out1 | freq_test_part_empty_ins2/eval_data[0][30]_i_1_n_0  |                                                     |                5 |             13 |         2.60 |
|  clk_wiz_0_ins/inst/clk_out1 | freq_test_part_empty_ins2/eval_data[10][30]_i_1_n_0 |                                                     |                8 |             13 |         1.62 |
|  clk_wiz_0_ins/inst/clk_out1 | freq_test_part_empty_ins2/eval_cnt[0]               | freq_test_part_empty_ins2/blk[0][63]_i_2_n_0        |                5 |             18 |         3.60 |
|  clk_wiz_0_ins/inst/clk_out1 | freq_test_part_empty_ins2/eval_data[13][30]_i_1_n_0 | freq_test_part_empty_ins2/eval_data[13][31]_i_1_n_0 |                7 |             19 |         2.71 |
|  clk_wiz_0_ins/inst/clk_out1 | freq_test_part_empty_ins2/eval_data[9][30]_i_1_n_0  | freq_test_part_empty_ins2/eval_data[9][31]_i_1_n_0  |               10 |             19 |         1.90 |
|  clk_wiz_0_ins/inst/clk_out1 | freq_test_part_empty_ins2/eval_data[8][30]_i_1_n_0  | freq_test_part_empty_ins2/eval_data[8][31]_i_1_n_0  |                8 |             19 |         2.38 |
|  clk_wiz_0_ins/inst/clk_out1 | freq_test_part_empty_ins2/eval_data[7][30]_i_1_n_0  | freq_test_part_empty_ins2/eval_data[7][31]_i_1_n_0  |               10 |             19 |         1.90 |
|  clk_wiz_0_ins/inst/clk_out1 | freq_test_part_empty_ins2/eval_data[6][30]_i_1_n_0  | freq_test_part_empty_ins2/eval_data[6][31]_i_1_n_0  |                7 |             19 |         2.71 |
|  clk_wiz_0_ins/inst/clk_out1 | freq_test_part_empty_ins2/eval_data[5][30]_i_1_n_0  | freq_test_part_empty_ins2/eval_data[5][31]_i_1_n_0  |                8 |             19 |         2.38 |
|  clk_wiz_0_ins/inst/clk_out1 | freq_test_part_empty_ins2/eval_data[0][30]_i_1_n_0  | freq_test_part_empty_ins2/eval_data[0][31]_i_1_n_0  |                8 |             19 |         2.38 |
|  clk_wiz_0_ins/inst/clk_out1 | freq_test_part_empty_ins2/eval_data[4][30]_i_1_n_0  | freq_test_part_empty_ins2/eval_data[4][31]_i_1_n_0  |                8 |             19 |         2.38 |
|  clk_wiz_0_ins/inst/clk_out1 | freq_test_part_empty_ins2/eval_data[3][30]_i_1_n_0  | freq_test_part_empty_ins2/eval_data[3][31]_i_1_n_0  |                6 |             19 |         3.17 |
|  clk_wiz_0_ins/inst/clk_out1 | freq_test_part_empty_ins2/eval_data[10][30]_i_1_n_0 | freq_test_part_empty_ins2/eval_data[10][31]_i_1_n_0 |                7 |             19 |         2.71 |
|  clk_wiz_0_ins/inst/clk_out1 | freq_test_part_empty_ins2/eval_data[2][30]_i_1_n_0  | freq_test_part_empty_ins2/eval_data[2][31]_i_1_n_0  |                6 |             19 |         3.17 |
|  clk_wiz_0_ins/inst/clk_out1 | freq_test_part_empty_ins2/eval_data[1][30]_i_1_n_0  | freq_test_part_empty_ins2/eval_data[1][31]_i_1_n_0  |                6 |             19 |         3.17 |
|  clk_wiz_0_ins/inst/clk_out1 | freq_test_part_empty_ins2/eval_data[11][30]_i_1_n_0 | freq_test_part_empty_ins2/eval_data[11][31]_i_1_n_0 |                8 |             19 |         2.38 |
|  clk_wiz_0_ins/inst/clk_out1 | freq_test_part_empty_ins2/eval_data[15][30]_i_1_n_0 | freq_test_part_empty_ins2/eval_data[15][31]_i_1_n_0 |                7 |             19 |         2.71 |
|  clk_wiz_0_ins/inst/clk_out1 | freq_test_part_empty_ins2/eval_data[14][30]_i_1_n_0 | freq_test_part_empty_ins2/eval_data[14][31]_i_1_n_0 |                6 |             19 |         3.17 |
|  clk_wiz_0_ins/inst/clk_out1 | freq_test_part_empty_ins2/eval_data[12][30]_i_1_n_0 | freq_test_part_empty_ins2/eval_data[12][31]_i_1_n_0 |                8 |             19 |         2.38 |
|  clk_wiz_0_ins/inst/clk_out1 | freq_test_part_empty_ins2/hash_shreg[482]           |                                                     |                5 |             34 |         6.80 |
|  clk_wiz_0_ins/inst/clk_out1 |                                                     | freq_test_part_empty_ins2/blk[0][63]_i_2_n_0        |               48 |            133 |         2.77 |
|  clk_wiz_0_ins/inst/clk_out1 | freq_test_part_empty_ins2/hash_shreg[482]           | freq_test_part_empty_ins2/blk[0][63]_i_2_n_0        |               38 |            279 |         7.34 |
|  clk_wiz_0_ins/inst/clk_out1 | freq_test_part_empty_ins2/dut/st[5][63]_i_1_n_0     |                                                     |              950 |           1600 |         1.68 |
+------------------------------+-----------------------------------------------------+-----------------------------------------------------+------------------+----------------+--------------+


