#-----------------------------------------------------------
# Vivado v2025.2 (64-bit)
# SW Build 6299465 on Fri Nov 14 12:34:56 MST 2025
# IP Build 6300035 on Fri Nov 14 10:48:45 MST 2025
# SharedData Build 6298862 on Thu Nov 13 04:50:51 MST 2025
# Start of session at: Tue Mar  3 15:15:30 2026
# Process ID         : 262903
# Current directory  : /home/thanh/vivado/crypto/sha3_clone/sha3_clone.runs/synth_1
# Command line       : vivado -log top_freq_test.vds -product Vivado -mode batch -messageDb vivado.pb -notrace -source top_freq_test.tcl
# Log file           : /home/thanh/vivado/crypto/sha3_clone/sha3_clone.runs/synth_1/top_freq_test.vds
# Journal file       : /home/thanh/vivado/crypto/sha3_clone/sha3_clone.runs/synth_1/vivado.jou
# Running On         : thanh-G7-MD
# Platform           : Ubuntu
# Operating System   : Ubuntu 22.04.5 LTS
# Processor Detail   : 11th Gen Intel(R) Core(TM) i7-11800H @ 2.30GHz
# CPU Frequency      : 1284.088 MHz
# CPU Physical cores : 8
# CPU Logical cores  : 16
# Host memory        : 67195 MB
# Swap memory        : 2147 MB
# Total Virtual      : 69343 MB
# Available Virtual  : 63010 MB
#-----------------------------------------------------------
source top_freq_test.tcl -notrace
